#
# To generat this list run
# curl 'https://torrents.me/tracker-list/?download=latest'
#
https://t.quic.ws:443/announce
http://t.acg.rip:6699/announce
udp://tracker.moeking.me:6969/announce
https://1.tracker.animmouse.tk:443/announce
https://2.tracker.animmouse.tk:443/announce
udp://tracker.filepit.to:6969/announce
udp://bittracker.ru:6969/announce
udp://tracker.cyberia.is:6969/announce
https://tracker.fastdownload.xyz:443/announce
udp://tracker.torrent.eu.org:451/announce
udp://retracker.hotplug.ru:2710/announce
udp://tracker.nyaa.uk:6969/announce
udp://tracker.filemail.com:6969/announce
udp://exodus.desync.com:6969/announce
udp://denis.stalker.upeer.me:6969/announce
udp://bigfoot1942.sektori.org:6969/announce
udp://tracker.port443.xyz:6969/announce
http://torrent.nwps.ws:80/announce
udp://chihaya.toss.li:9696/announce
http://t.nyaatracker.com:80/announce
udp://retracker.lanta-net.ru:2710/announce
udp://open.demonii.si:1337/announce
udp://tracker.birkenwald.de:6969/announce
http://open.trackerlist.xyz:80/announce
https://opentracker.xyz:443/announce
udp://hk1.opentracker.ga:6969/announce
udp://tracker.tiny-vps.com:6969/announce
udp://tracker.iamhansen.xyz:2000/announce
udp://tw.opentracker.ga:36920/announce
udp://ipv4.tracker.harry.lu:80/announce
udp://tracker.opentrackr.org:1337/announce
udp://tracker.coppersurfer.tk:6969/announce
https://seeders-paradise.org:443/announce
udp://tracker.internetwarriors.net:1337/announce
udp://torrentclub.tech:6969/announce
udp://open.stealth.si:80/announce
http://tracker.tfile.me:80/announce
http://tracker.tfile.co:80/announce
http://prestige.minimafia.nl:443/announce
http://peersteers.org:80/announce
http://private.minimafia.nl:443/announce
http://tracker.internetwarriors.net:1337/announce
udp://9.rarbg.to:2710/announce
udp://tracker1.itzmx.com:8080/announce
http://tracker3.itzmx.com:6961/announce
udp://explodie.org:6969/announce
udp://tracker.vanitycore.co:6969/announce
udp://thetracker.org:80/announce
udp://bt.xxx-tracker.com:2710/announce
udp://zephir.monocul.us:6969/announce